// Jest Snapshot v1, https://goo.gl/fbAQLP

exports[`Home component renders Home 1`] = `
<Fragment>
  <div
    className="background"
  >
    <header
      className="header"
    >
      <div
        className="bg-video"
      >
        <video
          autoPlay={true}
          className="bg-video__content"
          loop={true}
          muted={true}
        >
          <source
            alt="dog park video"
            src="/path/image"
            type="video/webm"
          />
          <source
            alt="dog park video"
            src="/path/image"
            type="video/mp4"
          />
          your browser not supported
        </video>
      </div>
      <div
        className="header__text-box"
      >
        <h1
          className="heading__primary"
        >
          <span
            className="heading-primary__sub--main"
          >
            Pet Pals
          </span>
          <span
            className="heading-primary__sub"
          >
            Let's Go Outside
          </span>
        </h1>
      </div>
    </header>
    <section
      className="section__main"
    >
      <h3
        className="section__title"
      >
        Learn More
      </h3>
      <div
        className="main__container"
      >
        <p
          className="main__container--paragraph"
        >
          We love our pets. Pet Pals builds community and fights loneliness. Share the responsibilities of potty breaks or short walks with your new Pet Pal. Create your profile, search for dog-lovers in your area, use our chat to set up a meeting at the featured local dog-friendly spots.
        </p>
      </div>
    </section>
  </div>
</Fragment>
`;
